Godot Engine v4.7.1.stable.official.a13da4feb - https://godotengine.org

[   0% ] [90m[1mfirst_scan_filesystem[22m | Started 專案初始化中 (5 steps)[39m[0m
[   0% ] [90m[1mfirst_scan_filesystem[22m | 正在掃描檔案結構…[39m[0m
[  16% ] [90m[1mfirst_scan_filesystem[22m | 載入全域類別名稱中…[39m[0m
[  33% ] [90m[1mfirst_scan_filesystem[22m | 正在驗證GD擴充功能...[39m[0m
[  50% ] [90m[1mfirst_scan_filesystem[22m | 正在建立自動載入腳本…[39m[0m
[  66% ] [90m[1mfirst_scan_filesystem[22m | 初始化外掛程式...[39m[0m
[  83% ] [90m[1mfirst_scan_filesystem[22m | 開始掃描檔案...[39m[0m
[92m[ DONE ][39m [1mfirst_scan_filesystem[22m
[0m
[   0% ] [90m[1mupdate_scripts_classes[22m | Started 註冊全域類別中... (5 steps)[39m[0m
[   0% ] [90m[1mupdate_scripts_classes[22m | [39m[0m
[  16% ] [90m[1mupdate_scripts_classes[22m | [39m[0m
[  33% ] [90m[1mupdate_scripts_classes[22m | [39m[0m
[  50% ] [90m[1mupdate_scripts_classes[22m | [39m[0m
[  66% ] [90m[1mupdate_scripts_classes[22m | [39m[0m
[92m[ DONE ][39m [1mupdate_scripts_classes[22m
[0m
[   0% ] [90m[1m_update_scan_actions[22m | Started 掃描動作中... (107 steps)[39m[0m
[   0% ] [90m[1m_update_scan_actions[22m | UAL1_Standard.glb[39m[0m
[   0% ] [90m[1m_update_scan_actions[22m | UAL2_Standard.glb[39m[0m
[   1% ] [90m[1m_update_scan_actions[22m | chlorogoo_tent_2.glb[39m[0m
[   2% ] [90m[1m_update_scan_actions[22m | chlorogoo_tent_2_chlorogoo_tent_2.png[39m[0m
[   3% ] [90m[1m_update_scan_actions[22m | chlorogoo_watchtower.glb[39m[0m
[   4% ] [90m[1m_update_scan_actions[22m | chlorogoo_watchtower_chlorogoo_watchtower.png[39m[0m
[   5% ] [90m[1m_update_scan_actions[22m | fo_s1_giant_tree.glb[39m[0m
[   6% ] [90m[1m_update_scan_actions[22m | fo_s1_giant_tree_fo_giant_tree_branche_sp.png[39m[0m
[   7% ] [90m[1m_update_scan_actions[22m | fo_s1_giant_tree_fo_giant_tree_chapeau_sp.png[39m[0m
[   8% ] [90m[1m_update_scan_actions[22m | fo_s1_giant_tree_fo_giant_tree_feuillage_sp.png[39m[0m
[   9% ] [90m[1m_update_scan_actions[22m | fo_s1_giant_tree_fo_giant_tree_tronc_mousse_sp.png[39m[0m
[  10% ] [90m[1m_update_scan_actions[22m | fo_s1_giant_tree_fo_giant_tree_tronc_sp.png[39m[0m
[  11% ] [90m[1m_update_scan_actions[22m | fo_s2_birch.glb[39m[0m
[  12% ] [90m[1m_update_scan_actions[22m | fo_s2_birch_fo_arbragrelot_feuillage_sp.png[39m[0m
[  12% ] [90m[1m_update_scan_actions[22m | fo_s2_birch_fo_birch_branch_sp.png[39m[0m
[  13% ] [90m[1m_update_scan_actions[22m | fo_s2_birch_fo_birch_feuillage_sp.png[39m[0m
[  14% ] [90m[1m_update_scan_actions[22m | fo_s2_birch_fo_birch_trunk_2_sp.png[39m[0m
[  15% ] [90m[1m_update_scan_actions[22m | fo_s2_birch_fo_birch_trunk_moss_sp.png[39m[0m
[  16% ] [90m[1m_update_scan_actions[22m | fo_s2_birch_fo_birch_trunk_sp.png[39m[0m
[  17% ] [90m[1m_update_scan_actions[22m | goo_flora_1.glb[39m[0m
[  18% ] [90m[1m_update_scan_actions[22m | goo_flora_1_goo flora 1.png[39m[0m
[  19% ] [90m[1m_update_scan_actions[22m | goo_flora_2.glb[39m[0m
[  20% ] [90m[1m_update_scan_actions[22m | goo_flora_2_goo flora 2.png[39m[0m
[  21% ] [90m[1m_update_scan_actions[22m | goo_flora_3.glb[39m[0m
[  22% ] [90m[1m_update_scan_actions[22m | goo_flora_3_goo flora 3.png[39m[0m
[  23% ] [90m[1m_update_scan_actions[22m | goo_flora_4.glb[39m[0m
[  24% ] [90m[1m_update_scan_actions[22m | goo_flora_4_goo flora 4.png[39m[0m
[  25% ] [90m[1m_update_scan_actions[22m | karavan_sensor.glb[39m[0m
[  25% ] [90m[1m_update_scan_actions[22m | karavan_sensor_karavan sensor.png[39m[0m
[  26% ] [90m[1m_update_scan_actions[22m | zonematerial-foret-ruines_newbieland.glb[39m[0m
[  27% ] [90m[1m_update_scan_actions[22m | zonematerial-foret-ruines_newbieland_ma-b-ecorce1.png[39m[0m
[  28% ] [90m[1m_update_scan_actions[22m | zonematerial-foret-ruines_newbieland_ma-b-ecorce2.png[39m[0m
[  29% ] [90m[1m_update_scan_actions[22m | zonematerial-foret-ruines_newbieland_ma-b-feuilles.png[39m[0m
[  30% ] [90m[1m_update_scan_actions[22m | zonematerial-foret-ruines_newbieland_ma-b-int-1.png[39m[0m
[  31% ] [90m[1m_update_scan_actions[22m | zonematerial-foret-ruines_newbieland_ma-b-int-2.png[39m[0m
[  32% ] [90m[1m_update_scan_actions[22m | zonematerial-foret-ruines_newbieland_ma-b-parquet.png[39m[0m
[  33% ] [90m[1m_update_scan_actions[22m | zonematerial-foret-ruines_newbieland_ma-b-porte1.png[39m[0m
[  34% ] [90m[1m_update_scan_actions[22m | zonematerial-foret-ruines_newbieland_ma-b-porte2.png[39m[0m
[  35% ] [90m[1m_update_scan_actions[22m | zonematerial-foret-ruines_newbieland_ma-b-trognon1.png[39m[0m
[  36% ] [90m[1m_update_scan_actions[22m | zonematerial-foret-ruines_newbieland_ma-bourgeons3_verues2.png[39m[0m
[  37% ] [90m[1m_update_scan_actions[22m | zonematerial-foret-ruines_newbieland_ma-bourgeons3_verues.png[39m[0m
[  37% ] [90m[1m_update_scan_actions[22m | zonematerial-foret-ruines_newbieland_ma-bourgeons.png[39m[0m
[  38% ] [90m[1m_update_scan_actions[22m | zonematerial-foret-ruines_newbieland_ma-bourgeons_verrues.png[39m[0m
[  39% ] [90m[1m_update_scan_actions[22m | zonematerial-foret-ruines_newbieland_ma-mairie-vitrail.png[39m[0m
[  40% ] [90m[1m_update_scan_actions[22m | zonematerial-foret-ruines_newbieland_ma_agora2.png[39m[0m
[  41% ] [90m[1m_update_scan_actions[22m | zonematerial-foret-ruines_newbieland_ma_agora_hublot.png[39m[0m
[  42% ] [90m[1m_update_scan_actions[22m | zonematerial-foret-ruines_newbieland_ma_agora_toit.png[39m[0m
[  43% ] [90m[1m_update_scan_actions[22m | zonematerial-foret-ruines_newbieland_ma_ambre.png[39m[0m
[  44% ] [90m[1m_update_scan_actions[22m | zonematerial-foret-ruines_newbieland_ma_ascenceur.png[39m[0m
[  45% ] [90m[1m_update_scan_actions[22m | zonematerial-foret-ruines_newbieland_ma_autel_wall.png[39m[0m
[  46% ] [90m[1m_update_scan_actions[22m | zonematerial-foret-ruines_newbieland_ma_chamignondown.png[39m[0m
[  47% ] [90m[1m_update_scan_actions[22m | zonematerial-foret-ruines_newbieland_ma_chamignontop_2.png[39m[0m
[  48% ] [90m[1m_update_scan_actions[22m | zonematerial-foret-ruines_newbieland_ma_debris-trans.png[39m[0m
[  49% ] [90m[1m_update_scan_actions[22m | zonematerial-foret-ruines_newbieland_ma_gazon.png[39m[0m
[  50% ] [90m[1m_update_scan_actions[22m | zonematerial-foret-ruines_newbieland_ma_interbas.png[39m[0m
[  50% ] [90m[1m_update_scan_actions[22m | zonematerial-foret-ruines_newbieland_ma_lampe.png[39m[0m
[  51% ] [90m[1m_update_scan_actions[22m | zonematerial-foret-ruines_newbieland_ma_loupiotte.png[39m[0m
[  52% ] [90m[1m_update_scan_actions[22m | zonematerial-foret-ruines_newbieland_ma_mairie2.png[39m[0m
[  53% ] [90m[1m_update_scan_actions[22m | zonematerial-foret-ruines_newbieland_ma_planche.png[39m[0m
[  54% ] [90m[1m_update_scan_actions[22m | zonematerial-foret-ruines_newbieland_ma_portail_matis2.png[39m[0m
[  55% ] [90m[1m_update_scan_actions[22m | zonematerial-foret-ruines_newbieland_ma_solkoupp.png[39m[0m
[  56% ] [90m[1m_update_scan_actions[22m | zonematerial-foret-ruines_newbieland_ma_terre.png[39m[0m
[  57% ] [90m[1m_update_scan_actions[22m | zonematerial-foret-start_village_newbieland.glb[39m[0m
[  58% ] [90m[1m_update_scan_actions[22m | zonematerial-foret-start_village_newbieland_g_boisbarriere.png[39m[0m
[  59% ] [90m[1m_update_scan_actions[22m | zonematerial-foret-start_village_newbieland_g_boule_metal2.png[39m[0m
[  60% ] [90m[1m_update_scan_actions[22m | zonematerial-foret-start_village_newbieland_g_boule_metal4.png[39m[0m
[  61% ] [90m[1m_update_scan_actions[22m | zonematerial-foret-start_village_newbieland_g_boule_metal.png[39m[0m
[  62% ] [90m[1m_update_scan_actions[22m | zonematerial-foret-start_village_newbieland_g_caissebonus.png[39m[0m
[  62% ] [90m[1m_update_scan_actions[22m | zonematerial-foret-start_village_newbieland_g_centretronc.png[39m[0m
[  63% ] [90m[1m_update_scan_actions[22m | zonematerial-foret-start_village_newbieland_g_cordecaisse.png[39m[0m
[  64% ] [90m[1m_update_scan_actions[22m | zonematerial-foret-start_village_newbieland_g_cuirbarriere.png[39m[0m
[  65% ] [90m[1m_update_scan_actions[22m | zonematerial-foret-start_village_newbieland_g_fenetre_neutre.png[39m[0m
[  66% ] [90m[1m_update_scan_actions[22m | zonematerial-foret-start_village_newbieland_g_gaine_tuyau.png[39m[0m
[  67% ] [90m[1m_update_scan_actions[22m | zonematerial-foret-start_village_newbieland_g_grille_metal.png[39m[0m
[  68% ] [90m[1m_update_scan_actions[22m | zonematerial-foret-start_village_newbieland_g_lampe_os_noir.png[39m[0m
[  69% ] [90m[1m_update_scan_actions[22m | zonematerial-foret-start_village_newbieland_g_lientoit.png[39m[0m
[  70% ] [90m[1m_update_scan_actions[22m | zonematerial-foret-start_village_newbieland_g_maisonbase1.png[39m[0m
[  71% ] [90m[1m_update_scan_actions[22m | zonematerial-foret-start_village_newbieland_g_maisonbase2.png[39m[0m
[  72% ] [90m[1m_update_scan_actions[22m | zonematerial-foret-start_village_newbieland_g_maisonbase3.png[39m[0m
[  73% ] [90m[1m_update_scan_actions[22m | zonematerial-foret-start_village_newbieland_g_maisonbase4.png[39m[0m
[  74% ] [90m[1m_update_scan_actions[22m | zonematerial-foret-start_village_newbieland_g_metal_bombone.png[39m[0m
[  75% ] [90m[1m_update_scan_actions[22m | zonematerial-foret-start_village_newbieland_g_metal_grille2_feux.png[39m[0m
[  75% ] [90m[1m_update_scan_actions[22m | zonematerial-foret-start_village_newbieland_g_mur1.png[39m[0m
[  76% ] [90m[1m_update_scan_actions[22m | zonematerial-foret-start_village_newbieland_g_mur3.png[39m[0m
[  77% ] [90m[1m_update_scan_actions[22m | zonematerial-foret-start_village_newbieland_g_mur4.png[39m[0m
[  78% ] [90m[1m_update_scan_actions[22m | zonematerial-foret-start_village_newbieland_g_os_noir.png[39m[0m
[  79% ] [90m[1m_update_scan_actions[22m | zonematerial-foret-start_village_newbieland_g_paille.png[39m[0m
[  80% ] [90m[1m_update_scan_actions[22m | zonematerial-foret-start_village_newbieland_g_plafondtype2.png[39m[0m
[  81% ] [90m[1m_update_scan_actions[22m | zonematerial-foret-start_village_newbieland_g_plaque_metal.png[39m[0m
[  82% ] [90m[1m_update_scan_actions[22m | zonematerial-foret-start_village_newbieland_g_porte.png[39m[0m
[  83% ] [90m[1m_update_scan_actions[22m | zonematerial-foret-start_village_newbieland_g_poutre2.png[39m[0m
[  84% ] [90m[1m_update_scan_actions[22m | zonematerial-foret-start_village_newbieland_g_poutre.png[39m[0m
[  85% ] [90m[1m_update_scan_actions[22m | zonematerial-foret-start_village_newbieland_g_rondelle.png[39m[0m
[  86% ] [90m[1m_update_scan_actions[22m | zonematerial-foret-start_village_newbieland_g_sol-ecurie.png[39m[0m
[  87% ] [90m[1m_update_scan_actions[22m | zonematerial-foret-start_village_newbieland_g_sole-type2.png[39m[0m
[  87% ] [90m[1m_update_scan_actions[22m | zonematerial-foret-start_village_newbieland_g_tiboule_metal.png[39m[0m
[  88% ] [90m[1m_update_scan_actions[22m | zonematerial-foret-start_village_newbieland_g_toit.png[39m[0m
[  89% ] [90m[1m_update_scan_actions[22m | zonematerial-foret-start_village_newbieland_g_tonneau.png[39m[0m
[  90% ] [90m[1m_update_scan_actions[22m | zonematerial-foret-start_village_newbieland_g_tower2.png[39m[0m
[  91% ] [90m[1m_update_scan_actions[22m | zonematerial-foret-start_village_newbieland_g_tower.png[39m[0m
[  92% ] [90m[1m_update_scan_actions[22m | zonematerial-foret-start_village_newbieland_g_tuyau.png[39m[0m
[  93% ] [90m[1m_update_scan_actions[22m | ground.png[39m[0m
[  94% ] [90m[1m_update_scan_actions[22m | silan_source_map.tga[39m[0m
[  95% ] [90m[1m_update_scan_actions[22m | playable_preview.png[39m[0m
[  96% ] [90m[1m_update_scan_actions[22m | region_preview.png[39m[0m
[  97% ] [90m[1m_update_scan_actions[22m | ruins_preview.png[39m[0m
[  98% ] [90m[1m_update_scan_actions[22m | source_terrain_preview.png[39m[0m
[92m[ DONE ][39m [1m_update_scan_actions[22m
[0m
[   0% ] [90m[1mreimport[22m | Started （重新）匯入素材 (107 steps)[39m[0m
[   0% ] [90m[1mreimport[22m | 正在準備重新匯入檔案…[39m[0m
[   0% ] [90m[1mreimport[22m | 正在準備重新匯入檔案…[39m[0m
[   1% ] [90m[1mreimport[22m | 正在準備重新匯入檔案…[39m[0m
[   2% ] [90m[1mreimport[22m | 正在準備重新匯入檔案…[39m[0m
[   3% ] [90m[1mreimport[22m | 正在準備重新匯入檔案…[39m[0m
[   4% ] [90m[1mreimport[22m | 正在準備重新匯入檔案…[39m[0m
[   5% ] [90m[1mreimport[22m | 正在準備重新匯入檔案…[39m[0m
[   6% ] [90m[1mreimport[22m | 正在準備重新匯入檔案…[39m[0m
[   7% ] [90m[1mreimport[22m | 正在準備重新匯入檔案…[39m[0m
[   8% ] [90m[1mreimport[22m | 正在準備重新匯入檔案…[39m[0m
[   9% ] [90m[1mreimport[22m | 正在準備重新匯入檔案…[39m[0m
[  10% ] [90m[1mreimport[22m | 正在準備重新匯入檔案…[39m[0m
[  11% ] [90m[1mreimport[22m | 正在準備重新匯入檔案…[39m[0m
[  12% ] [90m[1mreimport[22m | 正在準備重新匯入檔案…[39m[0m
[  12% ] [90m[1mreimport[22m | 正在準備重新匯入檔案…[39m[0m
[  13% ] [90m[1mreimport[22m | 正在準備重新匯入檔案…[39m[0m
[  14% ] [90m[1mreimport[22m | 正在準備重新匯入檔案…[39m[0m
[  15% ] [90m[1mreimport[22m | 正在準備重新匯入檔案…[39m[0m
[  16% ] [90m[1mreimport[22m | 正在準備重新匯入檔案…[39m[0m
[  17% ] [90m[1mreimport[22m | 正在準備重新匯入檔案…[39m[0m
[  18% ] [90m[1mreimport[22m | 正在準備重新匯入檔案…[39m[0m
[  19% ] [90m[1mreimport[22m | 正在準備重新匯入檔案…[39m[0m
[  20% ] [90m[1mreimport[22m | 正在準備重新匯入檔案…[39m[0m
[  21% ] [90m[1mreimport[22m | 正在準備重新匯入檔案…[39m[0m
[  22% ] [90m[1mreimport[22m | 正在準備重新匯入檔案…[39m[0m
[  23% ] [90m[1mreimport[22m | 正在準備重新匯入檔案…[39m[0m
[  24% ] [90m[1mreimport[22m | 正在準備重新匯入檔案…[39m[0m
[  25% ] [90m[1mreimport[22m | 正在準備重新匯入檔案…[39m[0m
[  25% ] [90m[1mreimport[22m | 正在準備重新匯入檔案…[39m[0m
[  26% ] [90m[1mreimport[22m | 正在準備重新匯入檔案…[39m[0m
[  27% ] [90m[1mreimport[22m | 正在準備重新匯入檔案…[39m[0m
[  28% ] [90m[1mreimport[22m | 正在準備重新匯入檔案…[39m[0m
[  29% ] [90m[1mreimport[22m | 正在準備重新匯入檔案…[39m[0m
[  30% ] [90m[1mreimport[22m | 正在準備重新匯入檔案…[39m[0m
[  31% ] [90m[1mreimport[22m | 正在準備重新匯入檔案…[39m[0m
[  32% ] [90m[1mreimport[22m | 正在準備重新匯入檔案…[39m[0m
[  33% ] [90m[1mreimport[22m | 正在準備重新匯入檔案…[39m[0m
[  34% ] [90m[1mreimport[22m | 正在準備重新匯入檔案…[39m[0m
[  35% ] [90m[1mreimport[22m | 正在準備重新匯入檔案…[39m[0m
[  36% ] [90m[1mreimport[22m | 正在準備重新匯入檔案…[39m[0m
[  37% ] [90m[1mreimport[22m | 正在準備重新匯入檔案…[39m[0m
[  37% ] [90m[1mreimport[22m | 正在準備重新匯入檔案…[39m[0m
[  38% ] [90m[1mreimport[22m | 正在準備重新匯入檔案…[39m[0m
[  39% ] [90m[1mreimport[22m | 正在準備重新匯入檔案…[39m[0m
[  40% ] [90m[1mreimport[22m | 正在準備重新匯入檔案…[39m[0m
[  41% ] [90m[1mreimport[22m | 正在準備重新匯入檔案…[39m[0m
[  42% ] [90m[1mreimport[22m | 正在準備重新匯入檔案…[39m[0m
[  43% ] [90m[1mreimport[22m | 正在準備重新匯入檔案…[39m[0m
[  44% ] [90m[1mreimport[22m | 正在準備重新匯入檔案…[39m[0m
[  45% ] [90m[1mreimport[22m | 正在準備重新匯入檔案…[39m[0m
[  46% ] [90m[1mreimport[22m | 正在準備重新匯入檔案…[39m[0m
[  47% ] [90m[1mreimport[22m | 正在準備重新匯入檔案…[39m[0m
[  48% ] [90m[1mreimport[22m | 正在準備重新匯入檔案…[39m[0m
[  49% ] [90m[1mreimport[22m | 正在準備重新匯入檔案…[39m[0m
[  50% ] [90m[1mreimport[22m | 正在準備重新匯入檔案…[39m[0m
[  50% ] [90m[1mreimport[22m | 正在準備重新匯入檔案…[39m[0m
[  51% ] [90m[1mreimport[22m | 正在準備重新匯入檔案…[39m[0m
[  52% ] [90m[1mreimport[22m | 正在準備重新匯入檔案…[39m[0m
[  53% ] [90m[1mreimport[22m | 正在準備重新匯入檔案…[39m[0m
[  54% ] [90m[1mreimport[22m | 正在準備重新匯入檔案…[39m[0m
[  55% ] [90m[1mreimport[22m | 正在準備重新匯入檔案…[39m[0m
[  56% ] [90m[1mreimport[22m | 正在準備重新匯入檔案…[39m[0m
[  57% ] [90m[1mreimport[22m | 正在準備重新匯入檔案…[39m[0m
[  58% ] [90m[1mreimport[22m | 正在準備重新匯入檔案…[39m[0m
[  59% ] [90m[1mreimport[22m | 正在準備重新匯入檔案…[39m[0m
[  60% ] [90m[1mreimport[22m | 正在準備重新匯入檔案…[39m[0m
[  61% ] [90m[1mreimport[22m | 正在準備重新匯入檔案…[39m[0m
[  62% ] [90m[1mreimport[22m | 正在準備重新匯入檔案…[39m[0m
[  62% ] [90m[1mreimport[22m | 正在準備重新匯入檔案…[39m[0m
[  63% ] [90m[1mreimport[22m | 正在準備重新匯入檔案…[39m[0m
[  64% ] [90m[1mreimport[22m | 正在準備重新匯入檔案…[39m[0m
[  65% ] [90m[1mreimport[22m | 正在準備重新匯入檔案…[39m[0m
[  66% ] [90m[1mreimport[22m | 正在準備重新匯入檔案…[39m[0m
[  67% ] [90m[1mreimport[22m | 正在準備重新匯入檔案…[39m[0m
[  68% ] [90m[1mreimport[22m | 正在準備重新匯入檔案…[39m[0m
[  69% ] [90m[1mreimport[22m | 正在準備重新匯入檔案…[39m[0m
[  70% ] [90m[1mreimport[22m | 正在準備重新匯入檔案…[39m[0m
[  71% ] [90m[1mreimport[22m | 正在準備重新匯入檔案…[39m[0m
[  72% ] [90m[1mreimport[22m | 正在準備重新匯入檔案…[39m[0m
[  73% ] [90m[1mreimport[22m | 正在準備重新匯入檔案…[39m[0m
[  74% ] [90m[1mreimport[22m | 正在準備重新匯入檔案…[39m[0m
[  75% ] [90m[1mreimport[22m | 正在準備重新匯入檔案…[39m[0m
[  75% ] [90m[1mreimport[22m | 正在準備重新匯入檔案…[39m[0m
[  76% ] [90m[1mreimport[22m | 正在準備重新匯入檔案…[39m[0m
[  77% ] [90m[1mreimport[22m | 正在準備重新匯入檔案…[39m[0m
[  78% ] [90m[1mreimport[22m | 正在準備重新匯入檔案…[39m[0m
[  79% ] [90m[1mreimport[22m | 正在準備重新匯入檔案…[39m[0m
[  80% ] [90m[1mreimport[22m | 正在準備重新匯入檔案…[39m[0m
[  81% ] [90m[1mreimport[22m | 正在準備重新匯入檔案…[39m[0m
[  82% ] [90m[1mreimport[22m | 正在準備重新匯入檔案…[39m[0m
[  83% ] [90m[1mreimport[22m | 正在準備重新匯入檔案…[39m[0m
[  84% ] [90m[1mreimport[22m | 正在準備重新匯入檔案…[39m[0m
[  85% ] [90m[1mreimport[22m | 正在準備重新匯入檔案…[39m[0m
[  86% ] [90m[1mreimport[22m | 正在準備重新匯入檔案…[39m[0m
[  87% ] [90m[1mreimport[22m | 正在準備重新匯入檔案…[39m[0m
[  87% ] [90m[1mreimport[22m | 正在準備重新匯入檔案…[39m[0m
[  88% ] [90m[1mreimport[22m | 正在準備重新匯入檔案…[39m[0m
[  89% ] [90m[1mreimport[22m | 正在準備重新匯入檔案…[39m[0m
[  90% ] [90m[1mreimport[22m | 正在準備重新匯入檔案…[39m[0m
[  91% ] [90m[1mreimport[22m | 正在準備重新匯入檔案…[39m[0m
[  92% ] [90m[1mreimport[22m | 正在準備重新匯入檔案…[39m[0m
[  93% ] [90m[1mreimport[22m | 正在準備重新匯入檔案…[39m[0m
[  94% ] [90m[1mreimport[22m | 正在準備重新匯入檔案…[39m[0m
[  95% ] [90m[1mreimport[22m | 正在準備重新匯入檔案…[39m[0m
[  96% ] [90m[1mreimport[22m | 正在準備重新匯入檔案…[39m[0m
[  97% ] [90m[1mreimport[22m | 正在準備重新匯入檔案…[39m[0m
[  98% ] [90m[1mreimport[22m | 正在準備重新匯入檔案…[39m[0m
[   0% ] [90m[1mreimport[22m | 執行預先重新匯入作業…[39m[0m
[   0% ] [90m[1mreimport[22m | zonematerial-foret-start_village_newbieland_g_maisonbase4.png[39m[0m
[   0% ] [90m[1mreimport[22m | zonematerial-foret-start_village_newbieland_g_maisonbase3.png[39m[0m
[   1% ] [90m[1mreimport[22m | zonematerial-foret-start_village_newbieland_g_maisonbase2.png[39m[0m
[   2% ] [90m[1mreimport[22m | zonematerial-foret-start_village_newbieland_g_maisonbase1.png[39m[0m
[   3% ] [90m[1mreimport[22m | zonematerial-foret-start_village_newbieland_g_lientoit.png[39m[0m
[   4% ] [90m[1mreimport[22m | zonematerial-foret-start_village_newbieland_g_lampe_os_noir.png[39m[0m
[   5% ] [90m[1mreimport[22m | zonematerial-foret-start_village_newbieland_g_grille_metal.png[39m[0m
[   6% ] [90m[1mreimport[22m | zonematerial-foret-start_village_newbieland_g_gaine_tuyau.png[39m[0m
[   7% ] [90m[1mreimport[22m | zonematerial-foret-start_village_newbieland_g_fenetre_neutre.png[39m[0m
[   8% ] [90m[1mreimport[22m | zonematerial-foret-start_village_newbieland_g_cuirbarriere.png[39m[0m
[   9% ] [90m[1mreimport[22m | zonematerial-foret-start_village_newbieland_g_cordecaisse.png[39m[0m
[  10% ] [90m[1mreimport[22m | zonematerial-foret-start_village_newbieland_g_centretronc.png[39m[0m
[  11% ] [90m[1mreimport[22m | zonematerial-foret-start_village_newbieland_g_caissebonus.png[39m[0m
[  12% ] [90m[1mreimport[22m | zonematerial-foret-start_village_newbieland_g_boule_metal.png[39m[0m
[  12% ] [90m[1mreimport[22m | zonematerial-foret-start_village_newbieland_g_boule_metal4.png[39m[0m
[  13% ] [90m[1mreimport[22m | zonematerial-foret-start_village_newbieland_g_boule_metal2.png[39m[0m
[  14% ] [90m[1mreimport[22m | zonematerial-foret-start_village_newbieland_g_boisbarriere.png[39m[0m
[  15% ] [90m[1mreimport[22m | zonematerial-foret-ruines_newbieland_ma_terre.png[39m[0m
[  16% ] [90m[1mreimport[22m | zonematerial-foret-ruines_newbieland_ma_solkoupp.png[39m[0m
[  17% ] [90m[1mreimport[22m | zonematerial-foret-ruines_newbieland_ma_portail_matis2.png[39m[0m
[  18% ] [90m[1mreimport[22m | zonematerial-foret-ruines_newbieland_ma_planche.png[39m[0m
[  19% ] [90m[1mreimport[22m | zonematerial-foret-ruines_newbieland_ma_mairie2.png[39m[0m
[  20% ] [90m[1mreimport[22m | zonematerial-foret-ruines_newbieland_ma_loupiotte.png[39m[0m
[  21% ] [90m[1mreimport[22m | zonematerial-foret-ruines_newbieland_ma_lampe.png[39m[0m
[  22% ] [90m[1mreimport[22m | zonematerial-foret-ruines_newbieland_ma_interbas.png[39m[0m
[  23% ] [90m[1mreimport[22m | zonematerial-foret-ruines_newbieland_ma_gazon.png[39m[0m
[  24% ] [90m[1mreimport[22m | source_terrain_preview.png[39m[0m
[  25% ] [90m[1mreimport[22m | ruins_preview.png[39m[0m
[  25% ] [90m[1mreimport[22m | region_preview.png[39m[0m
[  26% ] [90m[1mreimport[22m | playable_preview.png[39m[0m
[  27% ] [90m[1mreimport[22m | silan_source_map.tga[39m[0m
[  28% ] [90m[1mreimport[22m | ground.png[39m[0m
[  29% ] [90m[1mreimport[22m | zonematerial-foret-start_village_newbieland_g_tuyau.png[39m[0m
[  30% ] [90m[1mreimport[22m | zonematerial-foret-start_village_newbieland_g_tower.png[39m[0m
[  31% ] [90m[1mreimport[22m | zonematerial-foret-start_village_newbieland_g_tower2.png[39m[0m
[  32% ] [90m[1mreimport[22m | zonematerial-foret-start_village_newbieland_g_tonneau.png[39m[0m
[  33% ] [90m[1mreimport[22m | zonematerial-foret-start_village_newbieland_g_toit.png[39m[0m
[  34% ] [90m[1mreimport[22m | zonematerial-foret-start_village_newbieland_g_tiboule_metal.png[39m[0m
[  35% ] [90m[1mreimport[22m | zonematerial-foret-start_village_newbieland_g_sole-type2.png[39m[0m
[  36% ] [90m[1mreimport[22m | zonematerial-foret-start_village_newbieland_g_sol-ecurie.png[39m[0m
[  37% ] [90m[1mreimport[22m | zonematerial-foret-start_village_newbieland_g_rondelle.png[39m[0m
[  37% ] [90m[1mreimport[22m | zonematerial-foret-start_village_newbieland_g_poutre.png[39m[0m
[  38% ] [90m[1mreimport[22m | zonematerial-foret-start_village_newbieland_g_poutre2.png[39m[0m
[  39% ] [90m[1mreimport[22m | zonematerial-foret-start_village_newbieland_g_porte.png[39m[0m
[  40% ] [90m[1mreimport[22m | zonematerial-foret-start_village_newbieland_g_plaque_metal.png[39m[0m
[  41% ] [90m[1mreimport[22m | zonematerial-foret-start_village_newbieland_g_plafondtype2.png[39m[0m
[  42% ] [90m[1mreimport[22m | zonematerial-foret-start_village_newbieland_g_paille.png[39m[0m
[  43% ] [90m[1mreimport[22m | zonematerial-foret-start_village_newbieland_g_os_noir.png[39m[0m
[  44% ] [90m[1mreimport[22m | zonematerial-foret-start_village_newbieland_g_mur4.png[39m[0m
[  45% ] [90m[1mreimport[22m | zonematerial-foret-start_village_newbieland_g_mur3.png[39m[0m
[  46% ] [90m[1mreimport[22m | zonematerial-foret-start_village_newbieland_g_mur1.png[39m[0m
[  47% ] [90m[1mreimport[22m | zonematerial-foret-start_village_newbieland_g_metal_grille2_feux.png[39m[0m
[  48% ] [90m[1mreimport[22m | zonematerial-foret-start_village_newbieland_g_metal_bombone.png[39m[0m
[  49% ] [90m[1mreimport[22m | zonematerial-foret-ruines_newbieland_ma-b-feuilles.png[39m[0m
[  50% ] [90m[1mreimport[22m | zonematerial-foret-ruines_newbieland_ma-b-ecorce2.png[39m[0m
[  50% ] [90m[1mreimport[22m | zonematerial-foret-ruines_newbieland_ma-b-ecorce1.png[39m[0m
[  51% ] [90m[1mreimport[22m | karavan_sensor_karavan sensor.png[39m[0m
[  52% ] [90m[1mreimport[22m | goo_flora_4_goo flora 4.png[39m[0m
[  53% ] [90m[1mreimport[22m | goo_flora_3_goo flora 3.png[39m[0m
[  54% ] [90m[1mreimport[22m | goo_flora_2_goo flora 2.png[39m[0m
[  55% ] [90m[1mreimport[22m | goo_flora_1_goo flora 1.png[39m[0m
[  56% ] [90m[1mreimport[22m | fo_s2_birch_fo_birch_trunk_sp.png[39m[0m
[  57% ] [90m[1mreimport[22m | fo_s2_birch_fo_birch_trunk_moss_sp.png[39m[0m
[  58% ] [90m[1mreimport[22m | fo_s2_birch_fo_birch_trunk_2_sp.png[39m[0m
[  59% ] [90m[1mreimport[22m | fo_s2_birch_fo_birch_feuillage_sp.png[39m[0m
[  60% ] [90m[1mreimport[22m | fo_s2_birch_fo_birch_branch_sp.png[39m[0m
[  61% ] [90m[1mreimport[22m | fo_s2_birch_fo_arbragrelot_feuillage_sp.png[39m[0m
[  62% ] [90m[1mreimport[22m | fo_s1_giant_tree_fo_giant_tree_tronc_sp.png[39m[0m
[  62% ] [90m[1mreimport[22m | fo_s1_giant_tree_fo_giant_tree_tronc_mousse_sp.png[39m[0m
[  63% ] [90m[1mreimport[22m | fo_s1_giant_tree_fo_giant_tree_feuillage_sp.png[39m[0m
[  64% ] [90m[1mreimport[22m | fo_s1_giant_tree_fo_giant_tree_chapeau_sp.png[39m[0m
[  65% ] [90m[1mreimport[22m | fo_s1_giant_tree_fo_giant_tree_branche_sp.png[39m[0m
[  66% ] [90m[1mreimport[22m | chlorogoo_watchtower_chlorogoo_watchtower.png[39m[0m
[  67% ] [90m[1mreimport[22m | chlorogoo_tent_2_chlorogoo_tent_2.png[39m[0m
[  68% ] [90m[1mreimport[22m | zonematerial-foret-ruines_newbieland_ma_debris-trans.png[39m[0m
[  69% ] [90m[1mreimport[22m | zonematerial-foret-ruines_newbieland_ma_chamignontop_2.png[39m[0m
[  70% ] [90m[1mreimport[22m | zonematerial-foret-ruines_newbieland_ma_chamignondown.png[39m[0m
[  71% ] [90m[1mreimport[22m | zonematerial-foret-ruines_newbieland_ma_autel_wall.png[39m[0m
[  72% ] [90m[1mreimport[22m | zonematerial-foret-ruines_newbieland_ma_ascenceur.png[39m[0m
[  73% ] [90m[1mreimport[22m | zonematerial-foret-ruines_newbieland_ma_ambre.png[39m[0m
[  74% ] [90m[1mreimport[22m | zonematerial-foret-ruines_newbieland_ma_agora_toit.png[39m[0m
[  75% ] [90m[1mreimport[22m | zonematerial-foret-ruines_newbieland_ma_agora_hublot.png[39m[0m
[  75% ] [90m[1mreimport[22m | zonematerial-foret-ruines_newbieland_ma_agora2.png[39m[0m
[  76% ] [90m[1mreimport[22m | zonematerial-foret-ruines_newbieland_ma-mairie-vitrail.png[39m[0m
[  77% ] [90m[1mreimport[22m | zonematerial-foret-ruines_newbieland_ma-bourgeons_verrues.png[39m[0m
[  78% ] [90m[1mreimport[22m | zonematerial-foret-ruines_newbieland_ma-bourgeons.png[39m[0m
[  79% ] [90m[1mreimport[22m | zonematerial-foret-ruines_newbieland_ma-bourgeons3_verues.png[39m[0m
[  80% ] [90m[1mreimport[22m | zonematerial-foret-ruines_newbieland_ma-bourgeons3_verues2.png[39m[0m
[  81% ] [90m[1mreimport[22m | zonematerial-foret-ruines_newbieland_ma-b-int-1.png[39m[0m
[  82% ] [90m[1mreimport[22m | zonematerial-foret-ruines_newbieland_ma-b-trognon1.png[39m[0m
[  83% ] [90m[1mreimport[22m | zonematerial-foret-ruines_newbieland_ma-b-int-2.png[39m[0m
[  84% ] [90m[1mreimport[22m | zonematerial-foret-ruines_newbieland_ma-b-porte2.png[39m[0m
[  85% ] [90m[1mreimport[22m | zonematerial-foret-ruines_newbieland_ma-b-porte1.png[39m[0m
[  86% ] [90m[1mreimport[22m | zonematerial-foret-ruines_newbieland_ma-b-parquet.png[39m[0m
[  87% ] [90m[1mreimport[22m | UAL1_Standard.glb[39m[0m
[   0% ] [90m[1mimport[22m | Started 匯入場景 (104 steps)[39m[0m
[   0% ] [90m[1mimport[22m | 正在匯入場景…[39m[0m
[   1% ] [90m[1mimport[22m | 正在執行自訂腳本...[39m[0m
[  99% ] [90m[1mimport[22m | 正在儲存…[39m[0m
[92m[ DONE ][39m [1mimport[22m
[0m
[  87% ] [90m[1mreimport[22m | UAL2_Standard.glb[39m[0m
[   0% ] [90m[1mimport[22m | Started 匯入場景 (104 steps)[39m[0m
[   0% ] [90m[1mimport[22m | 正在匯入場景…[39m[0m
[   1% ] [90m[1mimport[22m | 正在執行自訂腳本...[39m[0m
[  99% ] [90m[1mimport[22m | 正在儲存…[39m[0m
[92m[ DONE ][39m [1mimport[22m
[0m
[  88% ] [90m[1mreimport[22m | chlorogoo_tent_2.glb[39m[0m
[   0% ] [90m[1mimport[22m | Started 匯入場景 (104 steps)[39m[0m
[   0% ] [90m[1mimport[22m | 正在匯入場景…[39m[0m
[   1% ] [90m[1mimport[22m | 正在執行自訂腳本...[39m[0m
[  99% ] [90m[1mimport[22m | 正在儲存…[39m[0m
[92m[ DONE ][39m [1mimport[22m
[0m
[  89% ] [90m[1mreimport[22m | chlorogoo_watchtower.glb[39m[0m
[   0% ] [90m[1mimport[22m | Started 匯入場景 (104 steps)[39m[0m
[   0% ] [90m[1mimport[22m | 正在匯入場景…[39m[0m
[   1% ] [90m[1mimport[22m | 正在執行自訂腳本...[39m[0m
[  99% ] [90m[1mimport[22m | 正在儲存…[39m[0m
[92m[ DONE ][39m [1mimport[22m
[0m
[  90% ] [90m[1mreimport[22m | fo_s1_giant_tree.glb[39m[0m
[   0% ] [90m[1mimport[22m | Started 匯入場景 (104 steps)[39m[0m
[   0% ] [90m[1mimport[22m | 正在匯入場景…[39m[0m
[   1% ] [90m[1mimport[22m | 正在執行自訂腳本...[39m[0m
[  99% ] [90m[1mimport[22m | 正在儲存…[39m[0m
[92m[ DONE ][39m [1mimport[22m
[0m
[  91% ] [90m[1mreimport[22m | zonematerial-foret-ruines_newbieland.glb[39m[0m
[   0% ] [90m[1mimport[22m | Started 匯入場景 (104 steps)[39m[0m
[   0% ] [90m[1mimport[22m | 正在匯入場景…[39m[0m
[   1% ] [90m[1mimport[22m | 正在執行自訂腳本...[39m[0m
[  99% ] [90m[1mimport[22m | 正在儲存…[39m[0m
[92m[ DONE ][39m [1mimport[22m
[0m
[  92% ] [90m[1mreimport[22m | karavan_sensor.glb[39m[0m
[   0% ] [90m[1mimport[22m | Started 匯入場景 (104 steps)[39m[0m
[   0% ] [90m[1mimport[22m | 正在匯入場景…[39m[0m
[   1% ] [90m[1mimport[22m | 正在執行自訂腳本...[39m[0m
[  99% ] [90m[1mimport[22m | 正在儲存…[39m[0m
[92m[ DONE ][39m [1mimport[22m
[0m
[  93% ] [90m[1mreimport[22m | fo_s2_birch.glb[39m[0m
[   0% ] [90m[1mimport[22m | Started 匯入場景 (104 steps)[39m[0m
[   0% ] [90m[1mimport[22m | 正在匯入場景…[39m[0m
[   1% ] [90m[1mimport[22m | 正在執行自訂腳本...[39m[0m
[  99% ] [90m[1mimport[22m | 正在儲存…[39m[0m
[92m[ DONE ][39m [1mimport[22m
[0m
[  94% ] [90m[1mreimport[22m | goo_flora_4.glb[39m[0m
[   0% ] [90m[1mimport[22m | Started 匯入場景 (104 steps)[39m[0m
[   0% ] [90m[1mimport[22m | 正在匯入場景…[39m[0m
[   1% ] [90m[1mimport[22m | 正在執行自訂腳本...[39m[0m
[  99% ] [90m[1mimport[22m | 正在儲存…[39m[0m
[92m[ DONE ][39m [1mimport[22m
[0m
[  95% ] [90m[1mreimport[22m | zonematerial-foret-start_village_newbieland.glb[39m[0m
[   0% ] [90m[1mimport[22m | Started 匯入場景 (104 steps)[39m[0m
[   0% ] [90m[1mimport[22m | 正在匯入場景…[39m[0m
[   1% ] [90m[1mimport[22m | 正在執行自訂腳本...[39m[0m
[  99% ] [90m[1mimport[22m | 正在儲存…[39m[0m
[92m[ DONE ][39m [1mimport[22m
[0m
[  96% ] [90m[1mreimport[22m | goo_flora_3.glb[39m[0m
[   0% ] [90m[1mimport[22m | Started 匯入場景 (104 steps)[39m[0m
[   0% ] [90m[1mimport[22m | 正在匯入場景…[39m[0m
[   1% ] [90m[1mimport[22m | 正在執行自訂腳本...[39m[0m
[  99% ] [90m[1mimport[22m | 正在儲存…[39m[0m
[92m[ DONE ][39m [1mimport[22m
[0m
[  97% ] [90m[1mreimport[22m | goo_flora_2.glb[39m[0m
[   0% ] [90m[1mimport[22m | Started 匯入場景 (104 steps)[39m[0m
[   0% ] [90m[1mimport[22m | 正在匯入場景…[39m[0m
[   1% ] [90m[1mimport[22m | 正在執行自訂腳本...[39m[0m
[  99% ] [90m[1mimport[22m | 正在儲存…[39m[0m
[92m[ DONE ][39m [1mimport[22m
[0m
[  98% ] [90m[1mreimport[22m | goo_flora_1.glb[39m[0m
[   0% ] [90m[1mimport[22m | Started 匯入場景 (104 steps)[39m[0m
[   0% ] [90m[1mimport[22m | 正在匯入場景…[39m[0m
[   1% ] [90m[1mimport[22m | 正在執行自訂腳本...[39m[0m
[  99% ] [90m[1mimport[22m | 正在儲存…[39m[0m
[92m[ DONE ][39m [1mimport[22m
[0m
[  99% ] [90m[1mreimport[22m | 完成素材匯入...[39m[0m
[92m[ DONE ][39m [1mreimport[22m
[0m
[   0% ] [90m[1mreimport[22m | Started （重新）匯入素材 (107 steps)[39m[0m
[   0% ] [90m[1mreimport[22m | 執行重新匯入後續處理作業…[39m[0m
[92m[ DONE ][39m [1mreimport[22m
[0m
[   0% ] [90m[1mloading_editor_layout[22m | Started 載入編輯器 (5 steps)[39m[0m
[   0% ] [90m[1mloading_editor_layout[22m | 載入編輯器版面配置中…[39m[0m
[  16% ] [90m[1mloading_editor_layout[22m | 載入停靠視窗...[39m[0m
[92m[ DONE ][39m [1mloading_editor_layout[22m
[0m
